============================= test session starts =============================
platform win32 -- Python 3.12.9, pytest-9.0.3, pluggy-1.6.0
rootdir: D:\rag
plugins: anyio-4.13.0
collected 119 items

tests\test_api.py ...................                                    [ 15%]
tests\test_chunking.py ........                                          [ 22%]
tests\test_confidence.py ...............                                 [ 35%]
tests\test_conversation_store.py ............                            [ 45%]
tests\test_hybrid_retrieval.py ...............                           [ 57%]
tests\test_reranker.py .........                                         [ 65%]
tests\test_retrieval.py .........                                        [ 73%]
tests\test_samples.py .........                                          [ 80%]
tests\test_streaming.py ..........                                       [ 89%]
tests\test_upload.py .............                                       [100%]

============================== warnings summary ===============================
<frozen importlib._bootstrap>:488
  <frozen importlib._bootstrap>:488: DeprecationWarning: builtin type SwigPyPacked has no __module__ attribute

<frozen importlib._bootstrap>:488
  <frozen importlib._bootstrap>:488: DeprecationWarning: builtin type SwigPyObject has no __module__ attribute

<frozen importlib._bootstrap>:488
  <frozen importlib._bootstrap>:488: DeprecationWarning: builtin type swigvarlink has no __module__ attribute

app\main.py:38
  D:\rag\app\main.py:38: DeprecationWarning: 
          on_event is deprecated, use lifespan event handlers instead.
  
          Read more about it in the
          [FastAPI docs for Lifespan Events](https://fastapi.tiangolo.com/advanced/events/).
          
    @app.on_event("startup")

.venv\Lib\site-packages\fastapi\applications.py:4598
  D:\rag\.venv\Lib\site-packages\fastapi\applications.py:4598: DeprecationWarning: 
          on_event is deprecated, use lifespan event handlers instead.
  
          Read more about it in the
          [FastAPI docs for Lifespan Events](https://fastapi.tiangolo.com/advanced/events/).
          
    return self.router.on_event(event_type)  # ty: ignore[deprecated]

-- Docs: https://docs.pytest.org/en/stable/how-to/capture-warnings.html
====================== 119 passed, 5 warnings in 16.81s =======================
